// Jest Snapshot v1, https://goo.gl/fbAQLP

exports[`matches snapshot 1`] = `
<div
  className="App"
>
  <header
    className="header"
  >
    <div
      className="header-top"
    >
      <div
        style={
          Object {
            "duration": 500,
            "opacity": 0,
          }
        }
      >
        <div
          className="brand"
        >
          <div
            className="logo"
          >
            <button
              aria-haspopup="true"
              className="MuiButtonBase-root MuiButton-root MuiButton-text"
              disabled={false}
              onBlur={[Function]}
              onClick={[Function]}
              onDragLeave={[Function]}
              onFocus={[Function]}
              onKeyDown={[Function]}
              onKeyUp={[Function]}
              onMouseDown={[Function]}
              onMouseLeave={[Function]}
              onMouseUp={[Function]}
              onTouchEnd={[Function]}
              onTouchMove={[Function]}
              onTouchStart={[Function]}
              tabIndex={0}
              type="button"
            >
              <span
                className="MuiButton-label"
              >
                <div
                  className="burger flex-container--centered"
                >
                  <svg
                    aria-hidden="true"
                    className="svg-inline--fa fa-hamburger fa-w-16 "
                    color="white"
                    data-icon="hamburger"
                    data-prefix="fas"
                    focusable="false"
                    role="img"
                    style={Object {}}
                    viewBox="0 0 512 512"
                    xmlns="http://www.w3.org/2000/svg"
                  >
                    <path
                      d="M464 256H48a48 48 0 0 0 0 96h416a48 48 0 0 0 0-96zm16 128H32a16 16 0 0 0-16 16v16a64 64 0 0 0 64 64h352a64 64 0 0 0 64-64v-16a16 16 0 0 0-16-16zM58.64 224h394.72c34.57 0 54.62-43.9 34.82-75.88C448 83.2 359.55 32.1 256 32c-103.54.1-192 51.2-232.18 116.11C4 180.09 24.07 224 58.64 224zM384 112a16 16 0 1 1-16 16 16 16 0 0 1 16-16zM256 80a16 16 0 1 1-16 16 16 16 0 0 1 16-16zm-128 32a16 16 0 1 1-16 16 16 16 0 0 1 16-16z"
                      fill="currentColor"
                      style={Object {}}
                    />
                  </svg>
                </div>
              </span>
            </button>
          </div>
          <a
            href="/"
            onClick={[Function]}
            style={
              Object {
                "height": "100%",
                "textDecoration": "none",
              }
            }
          >
            <h1>
              NomsPDX
            </h1>
          </a>
        </div>
      </div>
      <span
        className="header-top__greeting"
      />
    </div>
    <div
      className="header-bottom"
    >
      <nav>
        <ul
          className="nav__links ul-reset roboto"
        >
          <li
            className="nav__link nav__link--active"
          >
            <a
              href="/"
              onClick={[Function]}
              style={
                Object {
                  "color": "white",
                  "textDecoration": "none",
                }
              }
            >
              Home
            </a>
          </li>
          <li
            className="nav__link"
          >
            <a
              href="/about"
              onClick={[Function]}
              style={
                Object {
                  "color": "white",
                  "textDecoration": "none",
                }
              }
            >
              About
            </a>
          </li>
          <li
            className="nav__link"
          >
            <a
              className="login-btn google-oauth-btn"
              href="http://localhost:8000/api/auth/google-oauth"
              style={
                Object {
                  "color": "white",
                  "textDecoration": "none",
                }
              }
            >
              Login with Google
            </a>
          </li>
        </ul>
      </nav>
    </div>
  </header>
  <div
    className="loading-spinner-container flex-container--centered"
  >
    <div
      className="lds-ripple"
    >
      <div />
      <div />
    </div>
  </div>
  <main
    className="page"
  >
    <button
      className="MuiButtonBase-root MuiButton-root MuiButton-contained MuiButton-containedPrimary"
      disabled={false}
      onBlur={[Function]}
      onDragLeave={[Function]}
      onFocus={[Function]}
      onKeyDown={[Function]}
      onKeyUp={[Function]}
      onMouseDown={[Function]}
      onMouseLeave={[Function]}
      onMouseUp={[Function]}
      onTouchEnd={[Function]}
      onTouchMove={[Function]}
      onTouchStart={[Function]}
      tabIndex={0}
      type="button"
    >
      <span
        className="MuiButton-label"
      >
        <a
          href="/add-new-nom"
          onClick={[Function]}
          style={
            Object {
              "color": "white",
              "height": "100%",
              "textDecoration": "none",
            }
          }
        >
          Nominate a New Restaurant!
        </a>
      </span>
    </button>
    <section
      className="flex-container--space-around"
    />
  </main>
  <footer>
    <svg
      aria-hidden="true"
      className="svg-inline--fa fa-copyright fa-w-16 "
      data-icon="copyright"
      data-prefix="fas"
      focusable="false"
      role="img"
      style={Object {}}
      viewBox="0 0 512 512"
      xmlns="http://www.w3.org/2000/svg"
    >
      <path
        d="M256 8C119.033 8 8 119.033 8 256s111.033 248 248 248 248-111.033 248-248S392.967 8 256 8zm117.134 346.753c-1.592 1.867-39.776 45.731-109.851 45.731-84.692 0-144.484-63.26-144.484-145.567 0-81.303 62.004-143.401 143.762-143.401 66.957 0 101.965 37.315 103.422 38.904a12 12 0 0 1 1.238 14.623l-22.38 34.655c-4.049 6.267-12.774 7.351-18.234 2.295-.233-.214-26.529-23.88-61.88-23.88-46.116 0-73.916 33.575-73.916 76.082 0 39.602 25.514 79.692 74.277 79.692 38.697 0 65.28-28.338 65.544-28.625 5.132-5.565 14.059-5.033 18.508 1.053l24.547 33.572a12.001 12.001 0 0 1-.553 14.866z"
        fill="currentColor"
        style={Object {}}
      />
    </svg>
    <a
      className="footer__link"
      href="http://pdxwebdev.io"
      rel="noopener noreferrer"
      target="_blank"
    >
      pdxwebdev.io
    </a>
  </footer>
</div>
`;
